// Jest Snapshot v1, https://goo.gl/fbAQLP

exports[`creates an openapi specification from stapigen collections 1`] = `
"{
  \\"info\\": {
    \\"title\\": \\"Test\\",
    \\"version\\": \\"1.0.0\\"
  },
  \\"openapi\\": \\"3.0.0\\",
  \\"paths\\": {
    \\"/04/10/index.json\\": {
      \\"summary\\": \\"Get all items\\",
      \\"get\\": {
        \\"responses\\": {
          \\"200\\": {
            \\"description\\": \\"Success\\"
          }
        }
      }
    },
    \\"/04/10/{id}.json\\": {
      \\"get\\": {
        \\"summary\\": \\"Get a single item\\",
        \\"parameters\\": [
          {
            \\"name\\": \\"id\\",
            \\"in\\": \\"path\\",
            \\"required\\": true,
            \\"schema\\": {
              \\"type\\": \\"string\\"
            }
          }
        ],
        \\"responses\\": {
          \\"200\\": {
            \\"description\\": \\"Success\\"
          }
        }
      }
    },
    \\"/04/13/index.json\\": {
      \\"summary\\": \\"Get all items\\",
      \\"get\\": {
        \\"responses\\": {
          \\"200\\": {
            \\"description\\": \\"Success\\"
          }
        }
      }
    },
    \\"/04/13/{id}.json\\": {
      \\"get\\": {
        \\"summary\\": \\"Get a single item\\",
        \\"parameters\\": [
          {
            \\"name\\": \\"id\\",
            \\"in\\": \\"path\\",
            \\"required\\": true,
            \\"schema\\": {
              \\"type\\": \\"string\\"
            }
          }
        ],
        \\"responses\\": {
          \\"200\\": {
            \\"description\\": \\"Success\\"
          }
        }
      }
    },
    \\"/_/_/index.json\\": {
      \\"summary\\": \\"Get all items\\",
      \\"get\\": {
        \\"responses\\": {
          \\"200\\": {
            \\"description\\": \\"Success\\"
          }
        }
      }
    },
    \\"/_/_/{id}.json\\": {
      \\"get\\": {
        \\"summary\\": \\"Get a single item\\",
        \\"parameters\\": [
          {
            \\"name\\": \\"id\\",
            \\"in\\": \\"path\\",
            \\"required\\": true,
            \\"schema\\": {
              \\"type\\": \\"string\\"
            }
          }
        ],
        \\"responses\\": {
          \\"200\\": {
            \\"description\\": \\"Success\\"
          }
        }
      }
    }
  }
}"
`;
